[1m[31mError:[0m ambiguous reference to "Mutation": provided by imports [Test Other]
  [2m[34m--> errors/ambiguous_mutation.dang:7:15[0m
 [2m    |[0m
 [2m  5 | [0m
 [2m  6 | # This should fail because both Test and Other provide Mutation[0m
 [2m[34m[1m  7 | [0mlet deleted = Mutation.deleteUser(id: "99")
[2m                     [31m^^^^^^^^[0m
 [2m  8 | [0m
 [2m    |[0m

