3 inference errors:

Error 1:
[1m[31mError:[0m ambiguous reference to directive @experimental: provided by imports [Test Other]
  [2m[34m--> errors/ambiguous_directive.dang:8:21[0m
 [2m    |[0m
 [2m  6 | # Using unqualified @experimental should fail[0m
 [2m  7 | type MyType {[0m
 [2m[34m[1m  8 | [0m  pub field: String! @experimental
[2m                           [31m^^^^^^^^^^^^^^[0m
 [2m  9 | }[0m
 [2m 10 | [0m
 [2m    |[0m


Error 2:
[1m[31mError:[0m ambiguous reference to directive @experimental: provided by imports [Test Other]
  [2m[34m--> errors/ambiguous_directive.dang:8:21[0m
 [2m    |[0m
 [2m  6 | # Using unqualified @experimental should fail[0m
 [2m  7 | type MyType {[0m
 [2m[34m[1m  8 | [0m  pub field: String! @experimental
[2m                           [31m^^^^^^^^^^^^^^[0m
 [2m  9 | }[0m
 [2m 10 | [0m
 [2m    |[0m


Error 3:
[1m[31mError:[0m ambiguous reference to directive @experimental: provided by imports [Test Other]
  [2m[34m--> errors/ambiguous_directive.dang:8:21[0m
 [2m    |[0m
 [2m  6 | # Using unqualified @experimental should fail[0m
 [2m  7 | type MyType {[0m
 [2m[34m[1m  8 | [0m  pub field: String! @experimental
[2m                           [31m^^^^^^^^^^^^^^[0m
 [2m  9 | }[0m
 [2m 10 | [0m
 [2m    |[0m

