[1m[31mError:[0m block has 3 parameters but expected at most 2
  [2m[34m--> errors/block_argument_wrong_param_count.dang:6:35[0m
 [2m    |[0m
 [2m  4 | [0m
 [2m  5 | # ERROR: block has 2 parameters but expected 1[0m
 [2m[34m[1m  6 | [0mpub result: [Int!]! = numbers.map { x, y, z => x + y + z }
[2m                                         [31m^^^^^^^^^^^^^^^^^^^^^^^^[0m
 [2m  7 | [0m
 [2m    |[0m

