[1m[31mError:[0m block argument: function does not accept a block argument
  [2m[34m--> errors/block_argument_unexpected.dang:6:14[0m
 [2m    |[0m
 [2m  4 | [0m
 [2m  5 | # ERROR: function does not accept a block argument[0m
 [2m[34m[1m  6 | [0mpub result = add(1, 2) { x -> x * 2 }
[2m                    [31m^^^^^^^^^^^^^^^^^^^^^^^^[0m
 [2m  7 | [0m
 [2m    |[0m

