[1m[31mError:[0m type pattern requires a union or interface operand, got object type Cat
  [2m[34m--> errors/case_type_pattern_not_union.dang:8:6[0m
 [2m    |[0m
 [2m  6 | [0m
 [2m  7 | pub result = case (x) {[0m
 [2m[34m[1m  8 | [0m  c: Cat => c.name
[2m            [31m^^^[0m
 [2m  9 | }[0m
 [2m 10 | [0m
 [2m    |[0m

