[1m[31mError:[0m Case.Infer: clause 0 value type mismatch: Test.URL! != String!
  [2m[34m--> errors/case_value_nonliteral_type_mismatch.dang:9:3[0m
 [2m    |[0m
 [2m  7 | [0m
 [2m  8 | pub result = case (homepage) {[0m
 [2m[34m[1m  9 | [0m  s => "matched"
[2m         [31m^[0m
 [2m 10 | }[0m
 [2m 11 | [0m
 [2m    |[0m

