[1m[31mError:[0m @JSON.field omitNull and omitEmpty cannot both be set; omitEmpty already omits null
  [2m[34m--> errors/codec_omitnull_with_omitempty.dang:4:56[0m
 [2m    |[0m
 [2m  2 | [0m
 [2m  3 | type OmitConflict {[0m
 [2m[34m[1m  4 | [0m  field: String @JSON.field(omitNull: true, omitEmpty: true)
[2m                                                              [31m^^^^[0m
 [2m  5 | }[0m
 [2m  6 | [0m
 [2m    |[0m

