[1m[31mError:[0m else branch type mismatch: cannot use ConditionalAnimal! as ConditionalCat!
  [2m[34m--> errors/conditional_reverse_assignability_narrowing.dang:22:3[0m
 [2m    |[0m
 [2m 20 |   ConditionalCat(name: "Mog", lives: 9)[0m
 [2m 21 | } else {[0m
 [2m[34m[1m 22 | [0m  dogAsAnimal
[2m         [31m^^^^^^^^^^^[0m
 [2m 23 | }[0m
 [2m 24 | [0m
 [2m    |[0m

