[1m[31mError:[0m return type mismatch: declared String!, inferred String
  [2m[34m--> errors/condition_loop_break_nonnull.dang:3:14[0m
 [2m    |[0m
 [2m  1 | # A condition-based loop may skip its body, so a value-bearing break inside[0m
 [2m  2 | # the body cannot make the loop expression non-null.[0m
 [2m[34m[1m  3 | [0mbad: String! {
[2m                    [31m^[0m
 [2m  4 |   for (false) {[0m
 [2m  5 |     break "x"[0m
 [2m    |[0m

