[1m[31mError:[0m return type mismatch: declared String!, inferred a?
  [2m[34m--> errors/condition_loop_return_nonnull.dang:3:14[0m
 [2m    |[0m
 [2m  1 | # A condition-based loop may skip its body, so a return inside the body[0m
 [2m  2 | # cannot make the loop expression non-null.[0m
 [2m[34m[1m  3 | [0mbad: String! {
[2m                    [31m^[0m
 [2m  4 |   for (false) {[0m
 [2m  5 |     return "x"[0m
 [2m    |[0m

