[1m[31mError:[0m 'new' is a constructor, not a method; use `new(...) { ... }` without `pub` or a return type
  [2m[34m--> errors/constructor_pub_new.dang:4:2[0m
 [2m    |[0m
 [2m  2 | 	pub name: String![0m
 [2m  3 | [0m
 [2m[34m[1m  4 | [0m	pub new(n: String!): Foo! {
[2m        [31m^^^^^^^^^^^^^^^^^^^^^^^^^^^[0m
 [2m  5 | 		self.name = n[0m
 [2m  6 | 		self[0m
 [2m    |[0m

