[1m[31mError:[0m return type mismatch: declared String!, inferred a?
  [2m[34m--> errors/early_return_null_type_mismatch.dang:3:10[0m
 [2m    |[0m
 [2m  1 | # Early return null must not satisfy a non-null declared return type[0m
 [2m  2 | bad: String! {[0m
 [2m[34m[1m  3 | [0m  return null
[2m                [31m^^^^[0m
 [2m  4 |   "ok"[0m
 [2m  5 | }[0m
 [2m    |[0m

