[1m[31mError:[0m type parameter b on unused is unused
  [2m[34m--> errors/explicit_type_params_unused.dang:3:1[0m
 [2m    |[0m
 [2m  1 | # Declared but unused type parameters are an error.[0m
 [2m  2 | [0m
 [2m[34m[1m  3 | [0mpub unused[a, b](x: a): a { x }
[2m       [31m^^^^^^^^^^^^^^^^^^^^^^^^^^^^^^^[0m
 [2m  4 | [0m
 [2m    |[0m

