[1m[31mError:[0m YAML.decode: invalid YAML: yaml: line 1: did not find expected ',' or ']'
  [2m[34m--> errors/from_yaml_invalid_yaml.dang:3:23[0m
 [2m    |[0m
 [2m  1 | enum Status { PASSED FAILED }[0m
 [2m  2 | [0m
 [2m[34m[1m  3 | [0mlet status: Status! = YAML.decode("[oops")
[2m                             [31m^^^^^^^^^^^^^^^^^^^^[0m
 [2m  4 | [0m
 [2m    |[0m

