[1m[31mError:[0m fromJSON: name: missing required field
  [2m[34m--> errors/from_json_missing_field.dang:5:1[0m
 [2m    |[0m
 [2m  3 | }[0m
 [2m  4 | [0m
 [2m[34m[1m  5 | [0mlet summary: Summary! = fromJSON("{}")
[2m       [31m^^^^^^^^^^^^^^^^^^^^^^^^^^^^^^^^^^^^^^[0m
 [2m  6 | [0m
 [2m    |[0m

