[1m[31mError:[0m summary.children[0].outcome: missing required field
  [2m[34m--> errors/from_json_missing_field.dang:12:25[0m
 [2m    |[0m
 [2m 10 | }[0m
 [2m 11 | [0m
 [2m[34m[1m 12 | [0mlet summary: Summary! = JSON.decode("""
[2m                               [31m^^^^^^^^^^^^^^^[0m
 [2m 13 | {[0m
 [2m 14 |   "children": [[0m
 [2m    |[0m

