[1m[31mError:[0m fromJSON: children[0].outcome: invalid enum value "SKIPPED" for Outcome
  [2m[34m--> errors/from_json_invalid_enum.dang:11:1[0m
 [2m    |[0m
 [2m  9 | }[0m
 [2m 10 | [0m
 [2m[34m[1m 11 | [0mlet summary: Summary! = fromJSON("{\"children\":[{\"outcome\":\"SKIPPED\"}]}")
[2m       [31m^^^^^^^^^^^^^^^^^^^^^^^^^^^^^^^^^^^^^^^^^^^^^^^^^^^^^^^^^^^^^^^^^^^^^^^^^^^^^^[0m
 [2m 12 | [0m
 [2m    |[0m

