[1m[31mError:[0m Unification Fail: Int ~ String cannot be unified
  [2m[34m--> errors/function_arg_type_mismatch.dash:3:26[0m
 [2m    |[0m
 [2m  1 | # Test function argument type mismatch[0m
 [2m  2 | pub add_nums(x: Int!, y: Int!): Int! { x + y }[0m
 [2m[34m[1m  3 | [0mpub result = add_nums(x: "not a number", y: 5)
[2m                                [31m^^^^^^^^^^^^^^[0m
 [2m    |[0m

