[1m[31mError:[0m return type mismatch: declared String!, inferred Int!
  [2m[34m--> errors/function_return_type_mismatch.dang:2:22[0m
 [2m    |[0m
 [2m  1 | # Test function return type mismatch[0m
 [2m[34m[1m  2 | [0mpub my_func: String! { 42 }
[2m                            [31m^^^^^^[0m
 [2m  3 | [0m
 [2m    |[0m

