[1m[31mError:[0m type String is not generic but was applied to 1 type argument(s)
  [2m[34m--> errors/generic_type_args_on_nongeneric.dang:3:8[0m
 [2m    |[0m
 [2m  1 | # Type arguments applied to a non-generic type[0m
 [2m  2 | [0m
 [2m[34m[1m  3 | [0mpub b: String[Int!]! = "hello"
[2m              [31m^^^^^^^^^^^^[0m
 [2m  4 | [0m
 [2m    |[0m

