[1m[31mError:[0m cannot use Widget! as Widget!: distinct "Widget" types from different modules do not unify across the module boundary; share behavior through an interface instead
  [2m[34m--> errors/import_foreign_type_mismatch.dang:13:23[0m
 [2m    |[0m
 [2m 11 | import Util[0m
 [2m 12 | [0m
 [2m[34m[1m 13 | [0mlet w: Util.Widget! = Calc.widget
[2m                             [31m^^^^^^^^^^^[0m
 [2m 14 | [0m
 [2m    |[0m

