[1m[31mError:[0m unify index 2: no common type between [Int!]! and [String!]!
  [2m[34m--> errors/list_literal_type_mismatch.dang:2:28[0m
 [2m    |[0m
 [2m  1 | # This should fail: mixing types in list literal[0m
 [2m[34m[1m  2 | [0mpub result = [[], ["foo"], [3]]
[2m                                  [31m^^^[0m
 [2m    |[0m

