[1m[31mError:[0m cannot use Int as String
  [2m[34m--> errors/list_type_mismatch_concatenation.dang:2:14[0m
 [2m    |[0m
 [2m  1 | # This should fail: mixing String and Int lists in concatenation[0m
 [2m[34m[1m  2 | [0mpub result = [] + ["foo"] + [3]
[2m                    [31m^^^^^^^^^^^^^^^^^^[0m
 [2m    |[0m

