[1m[31mError:[0m unify entry 1: no common value type between String! and Int!
  [2m[34m--> errors/map_heterogeneous_values.dang:2:28[0m
 [2m    |[0m
 [2m  1 | # This should fail: map values must share a common type[0m
 [2m[34m[1m  2 | [0mpub result = ["a": 1, "b": "two"]
[2m                                  [31m^^^^^[0m
 [2m  3 | [0m
 [2m    |[0m

