[1m[31mError:[0m no match case matched the value: 5
  [2m[34m--> errors/match_no_match.dang:2:14[0m
 [2m    |[0m
 [2m  1 | # This should fail: no matching case and no wildcard[0m
 [2m[34m[1m  2 | [0mpub result = match (5) {
[2m                    [31m^^^^^^^^^^^[0m
 [2m  3 |   1 -> "one"[0m
 [2m  4 |   2 -> "two"[0m
 [2m    |[0m

