[1m[31mError:[0m cannot use [String! | Int!]! as [String!]!
  - Int! from the continue value at 4:5
  [2m[34m--> errors/nested_continue_value_type_mismatch.dang:2:22[0m
 [2m    |[0m
 [2m  1 | # Nested continue expressions in a continue value still target the block invocation[0m
 [2m[34m[1m  2 | [0mresult: [String!]! = [1].map { x =>
[2m                            [31m^^^^^^^^^^^^^^[0m
 [2m  3 |   continue {[0m
 [2m  4 |     continue 42[0m
 [2m    |[0m

