[1m[31mError:[0m else branch type mismatch: cannot use α? as String!
  [2m[34m--> errors/nonnull_return_with_null_branch.dang:6:5[0m
 [2m    |[0m
 [2m  4 |     "hello"[0m
 [2m  5 |   } else {[0m
 [2m[34m[1m  6 | [0m    null
[2m           [31m^^^^[0m
 [2m  7 |   }[0m
 [2m  8 | }[0m
 [2m    |[0m

