[1m[31mError:[0m list element 0: cannot use α? as Int!
  [2m[34m--> errors/null_list_element_to_nonnull_assignment.dang:2:24[0m
 [2m    |[0m
 [2m  1 | # Null list elements cannot satisfy non-null element annotations[0m
 [2m[34m[1m  2 | [0mpub values: [Int!]! = [null]
[2m                              [31m^^^^[0m
 [2m  3 | [0m
 [2m    |[0m

