[1m[31mError:[0m Reassignment.Infer: cannot assign a? to String!: cannot use a? as String!
  [2m[34m--> errors/null_to_nonnull_reassignment.dang:3:1[0m
 [2m    |[0m
 [2m  1 | # Null cannot be assigned to an existing non-null field[0m
 [2m  2 | let value: String! = "ok"[0m
 [2m[34m[1m  3 | [0mvalue = null
[2m       [31m^^^^^^^^^^^^[0m
 [2m  4 | [0m
 [2m    |[0m

