[1m[31mError:[0m cannot use a? as String!
  [2m[34m--> errors/null_to_nonnull_assignment.dang:2:18[0m
 [2m    |[0m
 [2m  1 | # Null cannot initialize a non-null field[0m
 [2m[34m[1m  2 | [0mvalue: String! = null
[2m                        [31m^^^^[0m
 [2m  3 | [0m
 [2m    |[0m

