[1m[31mError:[0m cannot use String! as Path!
  [2m[34m--> errors/path_string_variable_requires_cast.dang:6:20[0m
 [2m    |[0m
 [2m  4 | [0m
 [2m  5 | let dir = "some/dir"[0m
 [2m[34m[1m  6 | [0mlet bad = takePath(dir)
[2m                          [31m^^^[0m
 [2m  7 | [0m
 [2m    |[0m

