[1m[31mError:[0m uncaught error: matches: invalid pattern "["
  [2m[34m--> prelude/path.dang:161:7[0m
 [2m    |[0m
 [2m159 |     let re = globToRegexp(pattern)[0m
 [2m160 |     if (re == null) {[0m
 [2m[34m[1m161 | [0m      raise `matches: invalid pattern "${pattern}"`
[2m             [31m^^^^^^^^^^^^^^^^^^^^^^^^^^^^^^^^^^^^^^^^^^^^^[0m
 [2m162 |     }[0m
 [2m163 |     (self :: String!).containsMatch(re :: Regexp!)[0m
 [2m    |[0m

