[1m[31mError:[0m try/catch was replaced by postfix `rescue`; attach `rescue` to an expression or block — run `dang fmt -w` to migrate
  [2m[34m--> errors/rescue_legacy_try.dang:3:9[0m
 [2m    |[0m
 [2m  1 | # The try/catch block syntax was replaced by postfix rescue; it still[0m
 [2m  2 | # parses so the error can point at the fix (and dang fmt can migrate it).[0m
 [2m[34m[1m  3 | [0mlet x = try {
[2m               [31m^^^^^[0m
 [2m  4 |   raise "boom"[0m
 [2m  5 | } catch {[0m
 [2m    |[0m

