[1m[31mError:[0m division by zero
  [2m[34m--> errors/runtime_division_by_zero.dash:1:1[0m
 [2m    |[0m
 [2m[34m[1m  1 | [0m# Test runtime division by zero error
[2m       [31m^^^^^^^^^^^^^^^^^^^^^^^^^^^^^^^^^^^^^^^^^^^^^^^^^^^^^^^^^[0m
 [2m  2 | pub result = 42 / 0[0m
 [2m    |[0m

