[1m[31mError:[0m Reassignment.Infer: cannot assign String! to ID!: cannot use String! as ID!
  [2m[34m--> errors/scalar_reassignment_requires_cast.dang:3:1[0m
 [2m    |[0m
 [2m  1 | # Reassignment to an ID! slot requires an explicit cast.[0m
 [2m  2 | let id = "abc" :: ID![0m
 [2m[34m[1m  3 | [0mid = "def"
[2m       [31m^^^^^^^^^^[0m
 [2m  4 | [0m
 [2m    |[0m

