[1m[31mError:[0m block argument body has type String! but expected type Int!
  [2m[34m--> errors/try_catch_type_mismatch.dang:4:9[0m
 [2m    |[0m
 [2m  2 | pub result = try {[0m
 [2m  3 |   42[0m
 [2m[34m[1m  4 | [0m} catch { err =>
[2m               [31m^^^^^^^^[0m
 [2m  5 |   "not a number"[0m
 [2m  6 | }[0m
 [2m    |[0m

