[1m[31mError:[0m cannot use String! as Int!
  [2m[34m--> errors/try_catch_type_mismatch.dang:5:3[0m
 [2m    |[0m
 [2m  3 |   42[0m
 [2m  4 | } catch {[0m
 [2m[34m[1m  5 | [0m  err => "not a number"
[2m         [31m^^^^^^^^^^^^^^^^^^^^^[0m
 [2m  6 | }[0m
 [2m  7 | [0m
 [2m    |[0m

