[1m[31mError:[0m greater than or equal comparison not supported for types dash.StringValue and dash.IntValue
  [2m[34m--> errors/type_mismatch_greater_equal.dash:2:14[0m
 [2m    |[0m
 [2m  1 | # Test greater than or equal comparison type mismatch[0m
 [2m[34m[1m  2 | [0mpub result = "hello" >= 42
[2m                    [31m^^^^^^^^^^^^^[0m
 [2m    |[0m

