[1m[31mError:[0m uncaught DeployError: deploy failed
  [2m[34m--> errors/uncaught_cause_chain.dang:12:17[0m
 [2m    |[0m
 [2m 10 | deploy: String! {[0m
 [2m 11 |   push rescue {[0m
 [2m[34m[1m 12 | [0m    e: Error => raise DeployError(message: "deploy failed", stage: "push")
[2m                       [31m^^^^^^^^^^^^^^^^^^^^^^^^^^^^^^^^^^^^^^^^^^^^^^^^^^^^^^^^^^[0m
 [2m 13 |   }[0m
 [2m 14 | }[0m
 [2m    |[0m
  [2mstage:[0m "push"
[1m[31mcaused by:[0m error: connection refused
  [2m[34m--> errors/uncaught_cause_chain.dang:8:17[0m
 [2m    |[0m
 [2m  6 | }[0m
 [2m  7 | [0m
 [2m[34m[1m  8 | [0mpush: String! { raise "connection refused" }
[2m                       [31m^^^^^^^^^^^^^^^^^^^^^^^^^^[0m
 [2m  9 | [0m
 [2m 10 | deploy: String! {[0m
 [2m    |[0m

