[1m[31mError:[0m too many positional arguments
  [2m[34m--> errors/yield_wrong_arg_count.dang:3:3[0m
 [2m    |[0m
 [2m  1 | # Test yield with wrong number of arguments[0m
 [2m  2 | pub myFun(&block(x: Int!): String!): String! {[0m
 [2m[34m[1m  3 | [0m  yield(42, "extra")
[2m         [31m^^^^^^^^^^^^^^^^^^[0m
 [2m  4 | }[0m
 [2m  5 | [0m
 [2m    |[0m

